MO Module_Multiplexer_2_input_8_bit_sync NULL module_multiplexer_2_input_8_bit_synchronous.v vlg2D/_module___multiplexer__2__input__8__bit__sync.bin 1636636981
MO Module_Counter_8_bit_sync NULL module_counter_8_bit_sync.v vlg7E/_module___counter__8__bit__sync.bin 1636636981
MO simpleChronometer NULL simpleChronometer.v vlg38/simple_chronometer.bin 1636636981
MO Module_FrequencyDivider NULL module_frequencyDivider.v vlg0A/_module___frequency_divider.bin 1636636981
