MO DAC_Driver NULL header_DAC_driver.v vlg2F/_d_a_c___driver.bin 1636466296
MO Module_Counter_8_bit NULL module_counter_8_bit.v vlg16/_module___counter__8__bit.bin 1636466296
MO nyquist NULL nyquist.v vlg61/nyquist.bin 1636466296
MO ADC_Driver NULL header_ADC_driver.v vlg23/_a_d_c___driver.bin 1636466296
MO Module_Latch_14_bit NULL Module_Latch_14_bit.v vlg13/_module___latch__14__bit.bin 1636466296
